LexToken(WORD,'stuff',1,0)
LexToken(WORD,'stuff',1,1)
LexToken(WORD,'stuff',1,2)
LexToken(WORD,'stuff',1,3)
LexToken(WORD,'stuff',1,4)
LexToken(WORD,'stuff',1,5)
LexToken(WORD,'stuff',1,6)
LexToken(WORD,'stuff',1,7)
LexToken(WORD,'stuff',1,8)
LexToken(WORD,'stuff',1,9)
LexToken(WORD,'stuff',1,10)
LexToken(WORD,'stuff',1,11)
LexToken(WORD,'stuff',1,12)
LexToken(WORD,'stuff',1,13)
LexToken(WORD,'stuff',1,14)
LexToken(WILDCARD,'*',1,5)
LexToken(NOT,'-',1,0)
LexToken(NOT,'~',1,0)
LexToken(NOT,'!',1,0)
LexToken(NOT,'not',1,0)
LexToken(NOT,'NOT',1,0)
LexToken(AND,'&',1,6)
LexToken(AND,'&&',1,6)
LexToken(AND,'and',1,6)
LexToken(AND,'AND',1,6)
LexToken(OR,'|',1,6)
LexToken(OR,'||',1,6)
LexToken(OR,'or',1,6)
LexToken(OR,'OR',1,6)
LexToken(OR,'OR',1,7)
LexToken(LPAREN,'(',1,0)
LexToken(LPAREN,'(',1,13)
LexToken(RPAREN,')',1,15)
LexToken(RPAREN,')',1,11)
LexToken(RPAREN,')',1,24)
LexToken(WORD,'good',1,1)
LexToken(WORD,'more',1,14)
LexToken(WORD,'stuff',1,19)
LexToken(QUOTE,"'",1,0)
LexToken(QUOTE,"'",1,6)
LexToken(QUOTE,'"',1,0)
LexToken(QUOTE,'"',1,6)
LexToken(SYMBOL,'stuff',1,1)
LexToken(SYMBOL,'goes',1,7)
LexToken(SYMBOL,'on',1,12)
LexToken(QUOTE,'"',1,14)
LexToken(SPACE,' ',1,6)
LexToken(SPACE,' ',1,11)
LexToken(LITERAL_QUOTE,"'",1,7)
LexToken(QUOTE,'"',1,8)
Invalid character(s): %, ;
at position(s): 0, 6
